[Vulkan Loader] WARNING | LAYER: Implicit layer "VK_LAYER_NV_optimus" forced disabled because name matches filter of env var 'VK_LOADER_LAYERS_DISABLE'.
[Vulkan Loader] WARNING | LAYER: Implicit layer "VK_LAYER_NV_present" forced disabled because name matches filter of env var 'VK_LOADER_LAYERS_DISABLE'.
[Vulkan Loader] WARNING | LAYER: Implicit layer "VK_LAYER_NV_optimus" forced disabled because name matches filter of env var 'VK_LOADER_LAYERS_DISABLE'.
[Vulkan Loader] WARNING | LAYER: Implicit layer "VK_LAYER_NV_present" forced disabled because name matches filter of env var 'VK_LOADER_LAYERS_DISABLE'.
[Vulkan Loader] WARNING | LAYER: Implicit layer "VK_LAYER_NV_optimus" forced disabled because name matches filter of env var 'VK_LOADER_LAYERS_DISABLE'.
[Vulkan Loader] WARNING | LAYER: Implicit layer "VK_LAYER_NV_present" forced disabled because name matches filter of env var 'VK_LOADER_LAYERS_DISABLE'.
[Vulkan Loader] WARNING | LAYER: Implicit layer "VK_LAYER_NV_optimus" forced disabled because name matches filter of env var 'VK_LOADER_LAYERS_DISABLE'.
[Vulkan Loader] WARNING | LAYER: Implicit layer "VK_LAYER_NV_present" forced disabled because name matches filter of env var 'VK_LOADER_LAYERS_DISABLE'.
[Vulkan Loader] WARNING | LAYER: Implicit layer "VK_LAYER_NV_optimus" forced disabled because name matches filter of env var 'VK_LOADER_LAYERS_DISABLE'.
[Vulkan Loader] WARNING | LAYER: Implicit layer "VK_LAYER_NV_present" forced disabled because name matches filter of env var 'VK_LOADER_LAYERS_DISABLE'.
[Vulkan Loader] WARNING | LAYER: windows_read_data_files_in_registry: Registry lookup failed to get layer manifest files.
[Vulkan Loader] WARNING | LAYER: Layer "VK_LAYER_NV_optimus" forced disabled because name matches filter of env var 'VK_LOADER_LAYERS_DISABLE'.
[Vulkan Loader] WARNING | LAYER: Layer "VK_LAYER_NV_present" forced disabled because name matches filter of env var 'VK_LOADER_LAYERS_DISABLE'.
[Vulkan Loader] WARNING | LAYER: Layer "VK_LAYER_EOS_Overlay" forced disabled because name matches filter of env var 'VK_LOADER_LAYERS_DISABLE'.
[Vulkan Loader] WARNING | LAYER: Layer "VK_LAYER_VALVE_steam_overlay" forced disabled because name matches filter of env var 'VK_LOADER_LAYERS_DISABLE'.
[Vulkan Loader] WARNING | LAYER: Layer "VK_LAYER_VALVE_steam_fossilize" forced disabled because name matches filter of env var 'VK_LOADER_LAYERS_DISABLE'.
[Vulkan Loader] WARNING | LAYER: Implicit layer "VK_LAYER_NV_optimus" forced disabled because name matches filter of env var 'VK_LOADER_LAYERS_DISABLE'.
[Vulkan Loader] WARNING | LAYER: Implicit layer "VK_LAYER_NV_present" forced disabled because name matches filter of env var 'VK_LOADER_LAYERS_DISABLE'.
netsimd I 08-04 19:29:53.566 external/netsim+/rust/daemon/src\rust_main.rs:93 - netsim artifacts path: "C:\\Users\\7272~1\\AppData\\Local\\Temp\\netsimd"
netsimd I 08-04 19:29:53.567 external/netsim+/rust/daemon/src\rust_main.rs:96 - NetsimdArgs {
    fd_startup_str: None,
    no_cli_ui: true,
    no_web_ui: true,
    pcap: false,
    disable_address_reuse: false,
    hci_port: None,
    connector_instance: None,
    instance: None,
    logtostderr: false,
    dev: false,
    forward_host_mdns: false,
    vsock: None,
    config: None,
    host_dns: Some(
        "8.8.8.8",
    ),
    http_proxy: None,
    wifi_tap: None,
    wifi: None,
    test_beacons: false,
    no_test_beacons: false,
    no_shutdown: false,
    verbose: false,
    version: false,
    debug: DebugArgs {
        debug_no_traffic: false,
        debug_no_network: false,
        debug_no_wmedium: false,
        debug_no_mdns_wmedium: false,
        debug_no_guest_to_host_mdns: false,
    },
    rssi: None,
}
dsound: Could not initialize DirectSoundCapture
dsound: Reason: No sound driver is available for use, or the given GUID is not a valid DirectSound device ID
